== contract.status
working [key=nm-r1-ci]: CI gate
needs-decision [key=nm-r1-ci]: ask-user findings=/x/nm-r1-findings.txt
paused [key=nm-r1-ci-wait]: awaiting fork-workflow approval
resolved [key=nm-r1-ci-wait]: maintainer approved workflow
needs-decision [key=pr-12-345]: review feedback file=/x/pr-12-345.txt
-- open decisions:
nm-r1-ci	needs-decision	ask-user findings=/x/nm-r1-findings.txt
pr-12-345	needs-decision	review feedback file=/x/pr-12-345.txt-- open activities:

== collide.status
working [key=nm-r1-ci]: CI gate
needs-decision [key=nm-r1-ci]: ask-user findings=/x/nm-r1-findings.txt
paused [key=nm-r1-ci]: awaiting fork-workflow approval
resolved [key=nm-r1-ci]: maintainer approved workflow
-- open decisions:
-- open activities:

== done-after.status
needs-decision [key=pr-12-345]: review feedback file=/x/pr-12-345.txt
done: PR https://x/pull/12 checks green
-- open decisions:
pr-12-345	needs-decision	review feedback file=/x/pr-12-345.txt-- open activities:

