skip: node or npm not found for Pi calm home-resolution test
ok - Pi calm compatibility evidence never rejects a Pi version for being newer than 0.82.0, and still fails closed on a missing or malformed version
skip: node or npm not found for Pi calm degraded-adapter test
ok - missing Pi presentation class exports reach the independent adapter degradation path
skip: node or npm not found for Pi Calm queued-row test
skip: node or npm not found for Pi calm gate test
skip: node or npm not found for Pi calm activation test
skip: node or npm not found for Pi calm renderer test
skip: node or npm not found for Pi calm mid-turn renderer test
ok - Pi operational follow-up E2E processes exact user-role notifications once while Calm hides current and adjacent rows, Calm off and absent render them, and restart preserves semantics
ok - Pi 0.99.1 with Calm on keeps a queued Firstmate notification unlisted, out of the editor on Escape, and delivers it once in a new announced turn, while Calm off stays stock
--- SNAPSHOT completed native Calm /skill:ahoy turn

 ▀▀█  v0.99.1
 █▀ █ escape interrupt · ctrl+c/ctrl+d clear/exit · / commands · ! bash · ctrl+o more
 Press ctrl+o to show full startup help and loaded resources.

 Pi can explain its own features and look up its docs. Ask it how to use or extend Pi.

[Skills]
  ahoy, ask-matt, code-review, codebase-design, diagnosing-bugs, domain-modeling, grill-me,
grill-with-docs, grilling, handoff, implement, improve-codebase-architecture, no-mistakes,
prototype, research, resolving-merge-conflicts, setup-matt-pocock-skills, tdd, teach,
to-questionnaire, to-spec, to-tickets, triage, wait-what, wayfinder, wizard, writing-for-agents

[Extensions]
  fm-calm.ts, geometry-provider.ts


 [skill] ahoy (ctrl+o to expand)


 Warning: tmux extended-keys is off. Modified Enter keys may not work. Add `set -g extended-keys
 on` to ~/.tmux.conf and restart tmux.

 CALM_GEOMETRY_FINAL

 - visible row one
 - visible row two

────────────────────────────────────────────────────────────────────────────────────────────────────

────────────────────────────────────────────────────────────────────────────────────────────────────
/tmp/fm-calm-pi-extension.b2deYN/geometry-project (main)
↑3.4k ↓50 R6.7k W3.4k CH98.5% 83.7%/4.1k (auto)                               deterministic • medium











--- END
not ok - completed native Calm /skill:ahoy turn left 5 rows between the collapsed skill row and final response instead of the two standard visible-row separators
exit=1
