probe t=250ms gap=5
--- first snapshot ---

 ▀▀█  v0.99.1
 █▀ █ escape interrupt · ctrl+c/ctrl+d clear/exit · / commands · ! bash · ctrl+o more
 Press ctrl+o to show full startup help and loaded resources.

 Pi can explain its own features and look up its docs. Ask it how to use or extend Pi.

[Skills]
  ahoy, ask-matt, code-review, codebase-design, diagnosing-bugs, domain-modeling, grill-me,
grill-with-docs, grilling, handoff, implement, improve-codebase-architecture, no-mistakes,
prototype, research, resolving-merge-conflicts, setup-matt-pocock-skills, tdd, teach,
to-questionnaire, to-spec, to-tickets, triage, wait-what, wayfinder, wizard, writing-for-agents

[Extensions]
  fm-calm.ts, geometry-provider.ts


 [skill] ahoy (ctrl+o to expand)


 Warning: tmux extended-keys is off. Modified Enter keys may not work. Add `set -g extended-keys
 on` to ~/.tmux.conf and restart tmux.

 CALM_GEOMETRY_FINAL

 - visible row one
 - visible row two

────────────────────────────────────────────────────────────────────────────────────────────────────

────────────────────────────────────────────────────────────────────────────────────────────────────
/tmp/fm-calm-pi-extension.kCviPS/geometry-project (main)
↑3.4k ↓50 R6.7k W3.4k CH98.5% 83.7%/4.1k (auto)                               deterministic • medium











--- end ---
probe t=500ms gap=5
probe t=750ms gap=5
probe t=1000ms gap=5
probe t=1250ms gap=5
probe t=1500ms gap=5
probe t=1750ms gap=5
probe t=2000ms gap=5
probe t=2250ms gap=5
probe t=2500ms gap=5
probe t=2750ms gap=5
probe t=3000ms gap=5
probe t=3250ms gap=5
probe t=3500ms gap=5
probe t=3750ms gap=5
probe t=4000ms gap=5
probe t=4250ms gap=5
probe t=4500ms gap=5
probe t=4750ms gap=5
probe t=5000ms gap=5
probe t=5250ms gap=5
probe t=5500ms gap=5
probe t=5750ms gap=5
probe t=6000ms gap=5
probe t=6250ms gap=5
probe t=6500ms gap=5
probe t=6750ms gap=5
probe t=7000ms gap=5
probe t=7250ms gap=5
probe t=7500ms gap=5
probe t=7750ms gap=5
probe t=8000ms gap=5
probe t=8250ms gap=5
probe t=8500ms gap=5
probe t=8750ms gap=5
probe t=9000ms gap=5
probe t=9250ms gap=5
probe t=9500ms gap=5
probe t=9750ms gap=5
probe t=10000ms gap=5
--- final snapshot ---

 ▀▀█  v0.99.1
 █▀ █ escape interrupt · ctrl+c/ctrl+d clear/exit · / commands · ! bash · ctrl+o more
 Press ctrl+o to show full startup help and loaded resources.

 Pi can explain its own features and look up its docs. Ask it how to use or extend Pi.

[Skills]
  ahoy, ask-matt, code-review, codebase-design, diagnosing-bugs, domain-modeling, grill-me,
grill-with-docs, grilling, handoff, implement, improve-codebase-architecture, no-mistakes,
prototype, research, resolving-merge-conflicts, setup-matt-pocock-skills, tdd, teach,
to-questionnaire, to-spec, to-tickets, triage, wait-what, wayfinder, wizard, writing-for-agents

[Extensions]
  fm-calm.ts, geometry-provider.ts


 [skill] ahoy (ctrl+o to expand)


 Warning: tmux extended-keys is off. Modified Enter keys may not work. Add `set -g extended-keys
 on` to ~/.tmux.conf and restart tmux.

 CALM_GEOMETRY_FINAL

 - visible row one
 - visible row two

────────────────────────────────────────────────────────────────────────────────────────────────────

────────────────────────────────────────────────────────────────────────────────────────────────────
/tmp/fm-calm-pi-extension.kCviPS/geometry-project (main)
↑3.4k ↓50 R6.7k W3.4k CH98.5% 83.7%/4.1k (auto)                               deterministic • medium











--- end ---
not ok - completed native Calm /skill:ahoy turn left 5 rows between the collapsed skill row and final response instead of the two standard visible-row separators
rc=1
