{
  "scenario": "unconfigured-follows-main",
  "mainModel": "fm-live/fm-main",
  "configuredClassifierModel": null,
  "pin": null,
  "providerRequests": [
    {
      "model": "fm-main",
      "kind": "classifier"
    },
    {
      "model": "fm-main",
      "kind": "branch"
    }
  ],
  "settlement": "rejected: supervision branch provider failed after construction: 429: {\"message\":\"Monthly usage limit reached\",\"type\":\"insufficient_quota\"}",
  "mainDelivery": "⁣FIRSTMATE_OP: v1 watcher: FIRSTMATE WATCHER WAKE: signal: unconfigured-follows-main probe",
  "record": {
    "model": "fm-live/fm-main",
    "verdict": "routine",
    "answer": "{\"verdict\":\"routine\",\"reason\":\"probe\"}"
  }
}
SCENARIO_OK
