{
  "scenario": "unresolvable-config-falls-back-once",
  "mainModel": "fm-live/fm-main",
  "configuredClassifierModel": "ghost/model",
  "pin": "fm-live/fm-pinned",
  "providerRequests": [
    {
      "model": "fm-pinned",
      "kind": "classifier"
    },
    {
      "model": "fm-pinned",
      "kind": "branch"
    }
  ],
  "settlement": "rejected: supervision branch provider failed after construction: 429: {\"message\":\"Monthly usage limit reached\",\"type\":\"insufficient_quota\"}",
  "mainDelivery": "⁣FIRSTMATE_OP: v1 watcher: FIRSTMATE WATCHER WAKE: signal: unresolvable-config-falls-back-once probe",
  "record": {
    "model": "fm-live/fm-pinned",
    "verdict": "routine",
    "answer": "{\"verdict\":\"routine\",\"reason\":\"probe\"}"
  }
}
SCENARIO_OK
