ok - watch-arm: an attached arm reports the wake its cycle delivered instead of a false failure
ok - watch-arm: a delivered wake consumed by the handling turn still closes the attached arm cleanly
ok - watch-arm: a follow-budget arm returns at its deadline leaving the attached watcher running for the next arm
ok - watch-arm: a follow-budget arm returns at its deadline leaving the watcher it started running for the next arm
ok - watch-arm: an unusable launch confirm window refuses to arm by name
ok - watch-arm: a disposable validation checkout refuses to arm
ok - watch-arm: a watcher exits when its state directory is removed
ok - watch-arm: a watcher exits when its home is removed
ok - watch-arm: the test reaper stops a watcher armed for a tracked temporary home
ok - watch-arm: a plain nonzero watcher exit is not relabelled as a teardown
ok - watch-arm: a cycle that delivered no wake of its own still fails loudly
ok - watch-arm: an attached arm keeps following a slow live holder and reports its wake
ok - watch-arm: an attached arm hands a holder stalled past the bound to its owner's replacement
/home/cti/.no-mistakes/worktrees/f9a83591f83e/01M4FC0EXAEYKAXXQKZKTGBDFH/bin/fm-watch-arm.sh: line 771: 1886575 Killed                  "$WATCH" > "$child_out" 2>> "${child_err:-/dev/null}" < /dev/null
WAKE_ACK_REQUIRED: after handling completes run bin/fm-wake-drain.sh --ack-through 2 --recovery-generation 1887935.1791518871.MrEb0f
ok - watch-arm: re-arm surfaces every queued wake and an open remote decision after downtime
/home/cti/.no-mistakes/worktrees/f9a83591f83e/01M4FC0EXAEYKAXXQKZKTGBDFH/bin/fm-watch-arm.sh: line 771: 1899864 Killed                  "$WATCH" > "$child_out" 2>> "${child_err:-/dev/null}" < /dev/null
WAKE_ACK_REQUIRED: after handling completes run bin/fm-wake-drain.sh --ack-through 1 --recovery-generation 1900789.1791518881.M5IBtg
ok - watch-arm: a re-arm whose recovery cycle runs slowly still surfaces it
ok - watch-arm: marker publication failure retains stale-lock recovery evidence
WAKE_ACK_REQUIRED: after handling completes run bin/fm-wake-drain.sh --ack-through 2 --recovery-generation 1915611.1791518900.qpJJ56
WAKE_ACK_REQUIRED: after handling completes run bin/fm-wake-drain.sh --ack-through 3 --recovery-generation 1920927.1791518903.y4NdFr
ok - watch-arm: a wake queued after handling drain is recovered once at successor arm
ok - watch-arm: interrupted handling leaves its wake durable for successor re-drain
WAKE_ACK_REQUIRED: after handling completes run bin/fm-wake-drain.sh --ack-through 0 --recovery-generation 1936888.1791518914.wkVwNH
ok - watch-arm: malformed recovery state is quarantined without a successor loop
WAKE_ACK_REQUIRED: after handling completes run bin/fm-wake-drain.sh --ack-through 1 --recovery-generation 1941824.1791518917.NvfM0e
ok - watch-arm: publication after recovery handoff is surfaced
ok - watch-arm: restart publishes recovery before clearing a reused-pid watcher lock
WAKE_ACK_REQUIRED: after handling completes run bin/fm-wake-drain.sh --ack-through 7 --recovery-generation 1947434.1791518922.hiWaSW
ok - watch-arm: markerless legacy queues are adopted and recovered
ok - watch-arm: an idle Lavish source stays quiet and its real result wakes promptly
ok - watch-arm: appending work reopens an announced empty recovery
ok - watch-arm: a watcher close during handling keeps the printed acknowledgement valid
ok - watch-arm: a moved recovery generation consumes handled rows and names its remedy
ok - watch-arm: downtime marker publication does not follow symlinks
ok - watch-arm: --stop ends only this home's watcher, publishes downtime, and reports when none runs
ok - watch-arm: an already-acknowledged handling confirmation succeeds as a no-op
ok - watch-arm: a churned generation's handling confirmation reports a mismatch and an arm check keeps it
ok - watch-arm: --take-over attaches to a cycle the named arm does not own and leaves it running
ok - watch-arm: --take-over owns a fresh cycle without a recovery wake and still surfaces queued work
ok - watch-arm: takeover preserves self-exit downtime and surfaces a recovery wake
ok - watch-arm: the OpenCode arm plugin decides with the shared supervision predicate
