
CASE retry-dirty
teardown task-x1 complete (window firstmate:fm-task-x1, worktree /home/cti/.no-mistakes/worktrees/f9a83591f83e/01M4A57VKWXAXVVTYZ7H6SP6T0/.v/tmp/fm-teardown-tests.lHFFjO/retry-dirty/wt)
Backlog: task-x1 just finished (this home keeps no markdown backlog at /home/cti/.no-mistakes/worktrees/f9a83591f83e/01M4A57VKWXAXVVTYZ7H6SP6T0/.v/tmp/fm-teardown-tests.lHFFjO/retry-dirty/data/backlog.md). Update /home/cti/.no-mistakes/worktrees/f9a83591f83e/01M4A57VKWXAXVVTYZ7H6SP6T0/.v/tmp/fm-teardown-tests.lHFFjO/retry-dirty/data/backlog.md - move task-x1 to Done, keep Done to the 10 most recent, then re-scan Queued and dispatch only work whose blockers are gone and date is due.
●━━━━━━━━━━━━━━━━━━━━━━━━━━━━━━━━━━━━━━━━━━━━━━━━━━━━━━━━━━━━━━━━━━━━━━━
●  WATCHER DOWN - SUPERVISION IS OFF
●  1 task(s) in flight, but no live watcher process holds this home lock (last beat: 1s ago).
●  Trust the emitted supervision protocol for this harness; do not use shell & for watcher repair.
●  This is a supervision warning only; the guarded operation WILL still run.
●  repair missing watcher supervision according to the session-start block for this harness; do not use shell &.
●━━━━━━━━━━━━━━━━━━━━━━━━━━━━━━━━━━━━━━━━━━━━━━━━━━━━━━━━━━━━━━━━━━━━━━━
fatal: Unable to create '/isolated/index.lock': File exists.
teardown: worktree return failed with transient git lock (/home/cti/.no-mistakes/worktrees/f9a83591f83e/01M4A57VKWXAXVVTYZ7H6SP6T0/.v/tmp/fm-teardown-tests.lHFFjO/retry-dirty/project/.git/worktrees/wt/index.lock); waiting 0s and retrying (1/3)
fatal: Unable to create '/isolated/index.lock': File exists.
worktree not returned: it has uncommitted changes and the confirmation could not be answered (stdin reached EOF)
teardown: worktree return failed with transient git lock (/home/cti/.no-mistakes/worktrees/f9a83591f83e/01M4A57VKWXAXVVTYZ7H6SP6T0/.v/tmp/fm-teardown-tests.lHFFjO/retry-dirty/project/.git/worktrees/wt/index.lock); waiting 0s and retrying (2/3)
teardown: worktree return succeeded on retry; lock cleared on its own
OBSERVED exit=0 attempts=3 metadata_preserved=false
not ok - retry-dirty: expected dirty refusal, intact metadata, and 2 return attempt(s)

CASE zero-wording
worktree not returned: it has uncommitted changes and the confirmation could not be answered (stdin reached EOF)
teardown task-x1 complete (window firstmate:fm-task-x1, worktree /home/cti/.no-mistakes/worktrees/f9a83591f83e/01M4A57VKWXAXVVTYZ7H6SP6T0/.v/tmp/fm-teardown-tests.lHFFjO/zero-wording/wt)
Backlog: task-x1 just finished (this home keeps no markdown backlog at /home/cti/.no-mistakes/worktrees/f9a83591f83e/01M4A57VKWXAXVVTYZ7H6SP6T0/.v/tmp/fm-teardown-tests.lHFFjO/zero-wording/data/backlog.md). Update /home/cti/.no-mistakes/worktrees/f9a83591f83e/01M4A57VKWXAXVVTYZ7H6SP6T0/.v/tmp/fm-teardown-tests.lHFFjO/zero-wording/data/backlog.md - move task-x1 to Done, keep Done to the 10 most recent, then re-scan Queued and dispatch only work whose blockers are gone and date is due.
●━━━━━━━━━━━━━━━━━━━━━━━━━━━━━━━━━━━━━━━━━━━━━━━━━━━━━━━━━━━━━━━━━━━━━━━
●  WATCHER DOWN - SUPERVISION IS OFF
●  1 task(s) in flight, but no live watcher process holds this home lock (last beat: 1s ago).
●  Trust the emitted supervision protocol for this harness; do not use shell & for watcher repair.
●  This is a supervision warning only; the guarded operation WILL still run.
●  repair missing watcher supervision according to the session-start block for this harness; do not use shell &.
●━━━━━━━━━━━━━━━━━━━━━━━━━━━━━━━━━━━━━━━━━━━━━━━━━━━━━━━━━━━━━━━━━━━━━━━
OBSERVED exit=0 attempts=1 metadata_preserved=false
not ok - zero-wording: expected dirty refusal, intact metadata, and 1 return attempt(s)

CASE declined-wording
●━━━━━━━━━━━━━━━━━━━━━━━━━━━━━━━━━━━━━━━━━━━━━━━━━━━━━━━━━━━━━━━━━━━━━━━
●  WATCHER DOWN - SUPERVISION IS OFF
●  1 task(s) in flight, but no live watcher process holds this home lock (last beat: 0s ago).
●  Trust the emitted supervision protocol for this harness; do not use shell & for watcher repair.
●  This is a supervision warning only; the guarded operation WILL still run.
●  repair missing watcher supervision according to the session-start block for this harness; do not use shell &.
●━━━━━━━━━━━━━━━━━━━━━━━━━━━━━━━━━━━━━━━━━━━━━━━━━━━━━━━━━━━━━━━━━━━━━━━
worktree not returned: cleaning declined, so its uncommitted changes remain and prune will not reclaim this slot
error: treehouse return failed for task task-x1's worktree /home/cti/.no-mistakes/worktrees/f9a83591f83e/01M4A57VKWXAXVVTYZ7H6SP6T0/.v/tmp/fm-teardown-tests.lHFFjO/declined-wording/wt; teardown aborted, so that slot, its copy and its lease are left exactly as they are and task task-x1's record is kept for a rerun
OBSERVED exit=1 attempts=1 metadata_preserved=true
not ok - declined-wording: expected dirty refusal, intact metadata, and 1 return attempt(s)
