ok - a blocking non-destructive remote delta reaches durable process-event capture
ok - a captured delta is applied, acknowledged, and re-armed without a handler
ok - ingest appends one validated line, fetches its document, and advances the cursor
ok - replayed capture has one deduplicated append and one durable handling identity
cannot retire terminal source; it remains registered: remote-reply-ios
cannot retire terminal source; it remains registered: remote-reply-ios
ok - later generations cannot invalidate an unacknowledged ingested result
cannot retire terminal source; it remains registered: remote-reply-ios
ok - the remote status and decision model mirrors and the cursor advances
ok - a remote mate's new decision folds open exactly as a local mate's does
ok - the parent home emits the reply span joining the second mate's trace
ok - a replayed mirrored delta is idempotent in both the stream and the cursor
cannot retire terminal source; it remains registered: remote-reply-ios
ok - transported control bytes are normalized in place and never stop the stream
cannot retire terminal source; it remains registered: remote-reply-ios
ok - payload protocol-field names cannot collide with transport metadata
cannot retire terminal source; it remains registered: remote-reply-ios
ok - NUL bytes are normalized in place before shell line processing
ok - local document storage failures remain retryable until delivery succeeds
ok - a mirrored reserved-key line cannot squat or clear the parent's own decision
ok - a reply that arrives after escalation resolves it and clears the open decision
ok - a preempted reply poll cannot publish channel freshness
ok - a quiet reply window publishes the caught-up watermark the reply guard reads
ok - a cursor-loss whole-log recapture is acknowledged quietly with no duplicate wake
ok - truncation is detected, escalated once, and not silently rebased
ok - remote reply retirement quiesces and refuses unhandled captured results
ALL TESTS PASSED
