FM_TEST_BEGIN 2026-09-26T05:40:15Z tests/fm-wake-queue.test.sh family=watcher-wake-lock expected_gate_skip=none
FM_TEST_BEGIN 2026-09-26T05:40:15Z tests/fm-pi-watch-extension.test.sh family=watcher-wake-lock expected_gate_skip=none
ok - Pi extension reports external healthy watcher output
ok - Pi custom tool exposes repair-only metadata and returns automatic-continuation guidance
ok - Pi redundant tool call returns ownership guidance and spawns no second child
ok - Pi scheduled retry remains extension-owned after another tool call
ok - Pi actionable close starts one successor before wake delivery settles
ok - Pi actionable output waits for predecessor close before successor restoration
ok - Pi dispatcher branch offer owns accepted wakes and falls back to main
ok - Pi dispatcher flags a fleet-wide heartbeat offer as branch-eligible
ok - a co-present check row neither vetoes nor rides a heartbeat into main
ok - every main-only check class still reaches main, never the supervision branch
ok - a captain-held signal trigger reaches main with routine rows present
ok - an unread pending-reply escalation keeps later stale aliases on main
ok - a mixed batch of two distinct files - one routine, one needs-decision - routes wholly to main
ok - a co-present needs-decision row neither vetoes nor rides a heartbeat into main
ok - heartbeat restoration failure stays on main
ok - watcher-failure repair stays with main even with a live, accepting branch listener
ok - under the away-posture record every actionable row is offered to the branch while broken-queue wakes and watcher-failure alarms still reach main
ok - Pi refused handling handshake is classified and not swallowed
ok - Pi hung successor falls back to one typed actionable wake
ok - Pi unretired successor falls back without an overlapping retry
ok - Pi late unretired closes resume classified supervision
ok - Pi clean empty close triggers a bounded continuity retry
ok - Pi established clean closes stop at the configured retry limit
ok - Pi close handler verifies session-lock ownership before successor launch
ok - Pi watcher arm distinguishes all session lock ownership states
ok - Pi session transitions auto-arm through a generation owner across /new /resume /fork/reload, stale callbacks, and quit
ok - Pi session replacement auto-arms and carries its in-flight actionable close
ok - Pi replacement replays a streaming follow-up before consumption
ok - Pi streaming-time wake delivery keeps the successor chain and replays only unconsumed wakes
ok - Pi retries a verified successor that failed during wake delivery once that delivery settles
ok - Pi replacement receives actionable closes after retirement timeout
ok - Pi replacement handoff tokens stay unique across fresh modules
ok - Pi replacement persistence failure keeps its predecessor until a successor commits
ok - Pi process-exit cleanup listener remains singular across session replacement
ok - Pi process-exit cleanup stops the attached arm child
ok - OpenCode plugins have an explicit ESM boundary even under a typeless parent package
ok - OpenCode watcher plugin uses the effective FM_HOME state
ok - OpenCode watcher plugin sources the effective config
ok - OpenCode watcher plugin requires session lock ownership
ok - OpenCode watcher coordinator respects primary scope
ok - OpenCode watcher plugin starts one successor before wake prompt delivery settles
ok - OpenCode watcher plugin runs the supervision host on an opted-in home and relays every host line
ok - OpenCode pre-ready actionable close preserves its successor
ok - OpenCode hung successor falls back to one typed actionable wake
ok - OpenCode unretired successor falls back without an overlapping retry
ok - OpenCode late unretired closes resume classified supervision
ok - OpenCode clean empty close triggers a bounded continuity retry
ok - OpenCode established clean closes stop at the configured retry limit
ok - OpenCode close handler verifies session-lock ownership before successor launch
ok - OpenCode watcher plugin coordinates with the turn-end guard
not ok - OpenCode watch plugin must not treat external healthy output as an owned arm: expected exit 0, got 1
FM_TEST_END 2026-09-26T05:41:08Z tests/fm-pi-watch-extension.test.sh exit=1 duration_ms=53736 gate_skip=false
ok - an abandoned same-process lock hold is reclaimed; a parent's live hold is not
ok - without BASHPID a subshell cannot release or reclaim its parent lock and owns its own hold
ok - bounded acquire hands ownership to the waiting caller after contention
ok - presentation lock waits are bounded and retriable without weakening acknowledgement atomicity
ok - malformed presentation locks report acquire failure instead of contention
tests/wake-helpers.sh: line 315: 3538757 Killed                  PATH="$dir/fakebin:$PATH" FM_FAKE_NOW_FILE="$dir/now" FM_HOME="$dir" FM_ROOT_OVERRIDE="$ROOT" FM_STATE_OVERRIDE="$dir/state" FM_FAKE_TMUX_WINDOW='firstmate:fm-mate' FM_SECONDMATE_WAKE_STALL_SECS=1 FM_SECONDMATE_LIVENESS_SECS=99999999 FM_POLL=1 FM_SIGNAL_GRACE=0 FM_CHECK_INTERVAL=999999 FM_HEARTBEAT=999999 "$WATCH" > "$dir/watch-$leg.out" 2> "$dir/watch-$leg.err"
tests/wake-helpers.sh: line 315: 3540221 Killed                  PATH="$dir/fakebin:$PATH" FM_FAKE_NOW_FILE="$dir/now" FM_HOME="$dir" FM_ROOT_OVERRIDE="$ROOT" FM_STATE_OVERRIDE="$dir/state" FM_FAKE_TMUX_WINDOW='firstmate:fm-mate' FM_SECONDMATE_WAKE_STALL_SECS=1 FM_SECONDMATE_LIVENESS_SECS=99999999 FM_POLL=1 FM_SIGNAL_GRACE=0 FM_CHECK_INTERVAL=999999 FM_HEARTBEAT=999999 "$WATCH" > "$dir/watch-$leg.out" 2> "$dir/watch-$leg.err"
tests/wake-helpers.sh: line 315: 3547226 Killed                  PATH="$dir/fakebin:$PATH" FM_FAKE_NOW_FILE="$dir/now" FM_HOME="$dir" FM_ROOT_OVERRIDE="$ROOT" FM_STATE_OVERRIDE="$dir/state" FM_FAKE_TMUX_WINDOW='firstmate:fm-mate' FM_SECONDMATE_WAKE_STALL_SECS=1 FM_SECONDMATE_LIVENESS_SECS=99999999 FM_POLL=1 FM_SIGNAL_GRACE=0 FM_CHECK_INTERVAL=999999 FM_HEARTBEAT=999999 "$WATCH" > "$dir/watch-$leg.out" 2> "$dir/watch-$leg.err"
ok - foreign secondmate queue alerts once per no-progress episode without age-only or cascade noise
ok - declared external-wait pause rows do not feed secondmate wake-loop escalation
ok - a reprovisioned queue generation starts a fresh no-progress interval
ok - an active turn defers the secondmate stall escalation without cancelling it
ok - a long-lived mate mid-turn is not a stall, but a queue frozen past the busy bound still alarms
ok - a proven-idle leftover row is rung so the child home can drain without a parent alarm
ok - busy panes defer without a ring and unknown panes keep the parent alarm
ok - a leftover row that survives a proven-idle ring still surfaces as a genuine stall
ok - secondmate stall markers reject symlinks without touching their targets
ok - stall publication acknowledgement closes the pre-marker crash window
ok - empty prefix mate cleanup preserves another mate's stall receipt
ok - self-announced appends suppress only their own bytes and fail toward waking
ok - acknowledgement spans cover task-keyed rows only, from queue time to commit
ok - wake spans outlive task teardown, share one acknowledgement instant, and fail open
ok - separate self-announced answers after a fold stay owned; worker decisions and later lines still wake
ok - an unreadable status still reads as unreported, with or without owned growth
ok - a worker resolved in fold lag still wakes after this home's close
ok - owned growth suppresses the wake without hiding the turn-ended annotation
ok - historical annotations replay nothing already announced and keep everything new
WAKE_ACK_REQUIRED: after handling completes run bin/fm-wake-drain.sh --ack-through 31 --recovery-generation 3652367.1790401301.RDG7gU
ok - concurrent append plus drain preserves durable records through acknowledgement
ok - signal written while no watcher runs is caught on next run
WAKE_ACK_REQUIRED: after handling completes run bin/fm-wake-drain.sh --ack-through 1 --recovery-generation 3697172.1790401321.xEIzw7
WARNING: queued wakes pending - drain them with bin/fm-wake-drain.sh before anything else.
ok - stale wake is queued before suppressor state is advanced
WAKE_ACK_REQUIRED: after handling completes run bin/fm-wake-drain.sh --ack-through 1 --recovery-generation 3703551.1790401325.wGu7Gq
WARNING: queued wakes pending - drain them with bin/fm-wake-drain.sh before anything else.
ok - a not-provably-working stale wake is queued before its suppressor is advanced
WAKE_ACK_REQUIRED: after handling completes run bin/fm-wake-drain.sh --ack-through 1 --recovery-generation 3708381.1790401328.2e8EFV
WARNING: queued wakes pending - drain them with bin/fm-wake-drain.sh before anything else.
ok - registered custom check output is queued before cadence suppression
ok - concurrent drains replay until one post-handling acknowledgement consumes records
WAKE_ACK_REQUIRED: after handling completes run bin/fm-wake-drain.sh --ack-through 4 --recovery-generation 3714052.1790401331.6VxV6K
ok - drain collapses obvious duplicate heartbeat and signal records
ok - drain asserts watcher liveness: warns on a lapse, stays silent for a live watcher with a fresh beacon
WAKE_ACK_REQUIRED: after handling completes run bin/fm-wake-drain.sh --ack-through 8 --recovery-generation 3719137.1790401335.zXruX8
ok - structural signal enrichment is separate, deduped, home-local, and tier-zero for other wakes
WAKE_ACK_REQUIRED: after handling completes run bin/fm-wake-drain.sh --ack-through 13 --recovery-generation 3723110.1790401338.0tvRnQ
ok - every readable unread status line is annotated in full while invalid status files preserve their raw wakes
WAKE_ACK_REQUIRED: after handling completes run bin/fm-wake-drain.sh --ack-through 1 --recovery-generation 3728981.1790401342.5YLmLc
WAKE_ACK_REQUIRED: after handling completes run bin/fm-wake-drain.sh --ack-through 2 --recovery-generation 3728981.1790401342.5YLmLc
ok - slow annotation releases the append lock and a deleted status file fails open
ok - a branch-actor scoped ack never swallows an unacked main-owned row, and main's later drain sees exactly what remains
ok - main drain and acknowledgement exclude an active branch grant
ok - a branch-held row raises no queued-wake warning for main, and the same row is presented and acknowledged once the grant clears
ok - a queue that cannot be counted keeps the queued-wake alarm up
ok - structurally unusable rows are retired by main alone, leaving every remaining row presentable and acknowledgeable
ok - branch grant cannot take a row already claimed by main
ok - main's acknowledgement leaves a row that arrived after its drain for whichever actor takes it next
ok - actor ownership filtering precedes same-key deduplication
ok - main reclaims rows granted to an exited branch owner
ok - a branch-actor drain with no eligible-row snapshot refuses loudly instead of draining nothing
WAKE_ACK_REQUIRED: after handling completes run bin/fm-wake-drain.sh --ack-through 1 --recovery-generation existing
ok - wake append publishes atomic recovery evidence before durable rows
ok - wake drain: generation-less legacy wakes are adopted and acknowledged
ok - wake drain: a stale acknowledgement cannot retire or consume a newer recovery episode
ok - wake drain: an acknowledgement that consumes nothing says so and names the exact command for the current wake
ok - wake drain: a branch acknowledgement that consumes nothing names the exact command for its granted wake
ok - wake drain: recovery acknowledgement failures are explicit and retryable
ok - interruptions preserve durable rows until post-handling acknowledgement
ok - fm_wake_queue_prune_task: prunes wakes for target task without touching other tasks
ok - watch liveness: a dead secondmate is relaunched once, ledgered, and quiet afterwards
ok - watch liveness: a missing secondmate endpoint is relaunched without a pre-kill
ok - watch liveness: one tick relaunches every dead mate, queues a row each, and wakes once
ok - watch liveness: alive and ambiguous endpoints are probed, logged, and never touched
ok - watch liveness: the cadence marker gates probing and survives across legs
ok - watch liveness: the attempt bound parks a flapping mate once and a live probe rearms a full budget
ok - watch liveness: a failed auto-relaunch wakes once with its cause and is ledgered
ok - watch liveness: an unwritable or unreadable relaunch ledger refuses to kill or spawn
ok - watch liveness: a per-mate error keeps scanning, recovers later mates, and still wakes
ok - watch liveness: an outcome that could not be queued surfaces as an error, not a wake
ok - watch liveness: a mate mid-episode under the shared liveness lock is skipped entirely
ok - watch liveness: an unreachable remote secondmate is probed, preserved, and never failed over
FM_TEST_END 2026-09-26T05:44:29Z tests/fm-wake-queue.test.sh exit=0 duration_ms=254544 gate_skip=false
FM_TEST_BEGIN 2026-09-26T05:44:29Z tests/fm-calm-pi-extension.test.sh family=pure-contract-unit expected_gate_skip=none
FM_TEST_BEGIN 2026-09-26T05:44:29Z tests/fm-timeout-lib.test.sh family=pure-contract-unit expected_gate_skip=none
ok - fm_exec_timed passes a command's status and output through unchanged
ok - fm_exec_timed sends TERM at the bound and a cooperative command ends there
ok - fm_exec_timed kills a TERM-ignoring command once the grace has passed
ok - fm_exec_timed replaces the calling shell instead of wrapping it
ok - fm_exec_timed reaps a descendant that would otherwise hold the output past the bound
ok - fm_exec_timed forwards a TERM it receives to the bounded command
ok - fm_exec_timed prefers its perl watchdog over timeout
ok - fm_exec_timed refuses instead of running unbounded when no mechanism exists
ok - fm_exec_timed rejects a zero, padded, non-numeric, or missing bound and a missing command
tests/fm-timeout-lib.test.sh: line 28: 3922911 Killed                  ( . "$ROOT/bin/fm-timeout-lib.sh"; PATH=$path fm_exec_timed "$@" )
ok - fm_exec_timed's GNU timeout fallback kills a TERM-ignoring command once the grace has passed
ok - fm_timed_out accepts 124 and 137 and nothing else
FM_TEST_END 2026-09-26T05:44:38Z tests/fm-timeout-lib.test.sh exit=0 duration_ms=8809 gate_skip=false
ok - Pi calm resolves its persistent home independently of Pi's launch directory
ok - Pi calm compatibility evidence never rejects a Pi version for being newer than 0.82.0, and still fails closed on a missing or malformed version
ok - a missing collapsed-thinking presentation API degrades only that Calm adapter with a clear skip reason, while the rest of Calm still registers
ok - missing Pi presentation class exports reach the independent adapter degradation path
ok - Calm hides queued Firstmate rows only on a session that can keep them, keeps hidden ones out of the editor on Escape, delivers them once in order, and leaves unsupported sessions and Calm off stock
ok - Calm registers none of its 7 built-in tool wrappers at load while config/calm is off, and all 7 synchronously at load while config/calm is on
ok - Calm's first same-session /calm activation claims every uncontested built-in, leaves a foreign bash tool fully intact and callable, warns prominently and logs the contested name, and only rows constructed before that activation - the documented bound - fail to retroactively collapse
ok - Pi calm centralizes transcript visibility, preserves execution/export data, keeps Pi's stock working row visible while no run is active, and persists its choice across session starts
ok - Pi calm on collapses mid-turn assistant working notes to zero height while Calm off keeps them, leaves streaming, truncated-final, and genuine final replies untouched, never mutates the messages, ignores every /calm argument, and restores a legacy persisted max as ordinary Calm on
ok - Pi operational follow-up E2E processes exact user-role notifications once while Calm hides current and adjacent rows, Calm off and absent render them, and restart preserves semantics
ok - Pi 0.87.1 with Calm on keeps a queued Firstmate notification unlisted, out of the editor on Escape, and delivers it once in a new announced turn, while Calm off stays stock
ok - Pi Calm native /skill:ahoy geometry keeps every collapsed thinking and tool block at zero height while preserving expansion, history, restart, and Calm-off rendering
ok - Pi Calm working ship keeps its centered two-row asymmetric Unicode boat inside a deterministic long-wave trough, paints all water standard blue and the whole boat standard yellow with balanced resets, keeps ANSI-stripped width exact, reverses cleanly at both edges and every width, clamps visible and hidden resizes, falls back deterministically when narrow, freezes and resumes across settle/start without hidden-time jumps or duplicate timers, resets only on a fresh session, and leaves Calm-off visibility untouched
ok - the rendered-export-DOM guard renders in one pass, retries a bounded number of Chrome start-up failures, and reports the Chrome binary, Chrome version, Pi version, exit status, and Chrome diagnostic when every attempt fails
ok - Pi calm native E2E replaces the stock working row with a moving, resize-clamped working ship that freezes and resumes across two working periods in one Pi session, clears on abort, keeps captain turns visible, hides exact operational user rows without changing persistence, restores stock rendering Calm-off, survives restart, and preserves export plus Ctrl+O behavior
FM_TEST_END 2026-09-26T05:45:38Z tests/fm-calm-pi-extension.test.sh exit=0 duration_ms=68622 gate_skip=false
FM_TEST_SUMMARY total=4 failed=1 skipped_gate=0 duration_ms=323628
FM_TEST_SUMMARY_FAMILY family=pure-contract-unit count=2 duration_ms=77431 failed=0
FM_TEST_SUMMARY_FAMILY family=watcher-wake-lock count=2 duration_ms=308280 failed=1
FM_TEST_SLOWEST rank=1 script=tests/fm-wake-queue.test.sh duration_ms=254544
FM_TEST_SLOWEST rank=2 script=tests/fm-calm-pi-extension.test.sh duration_ms=68622
FM_TEST_SLOWEST rank=3 script=tests/fm-pi-watch-extension.test.sh duration_ms=53736
FM_TEST_SLOWEST rank=4 script=tests/fm-timeout-lib.test.sh duration_ms=8809
