FM_TEST_BEGIN 2026-09-26T05:28:08Z tests/fm-watcher-lock.test.sh family=watcher-wake-lock expected_gate_skip=none
FM_TEST_BEGIN 2026-09-26T05:28:08Z tests/fm-watch-arm.test.sh family=watcher-wake-lock expected_gate_skip=none
ok - wait deadline diagnoses and reaps a stopped test child without hanging
ok - simultaneous watcher starts leave exactly one live process
ok - fm_pid_identity real ps fallback is locale-invariant
ok - fm_pid_identity is locale-invariant across LC_ALL/LC_TIME
ok - fm_pid_identity ps fallback is terminal-width-invariant
ok - /proc process identity ignores simulated btime changes
ok - /proc process identity detects pid reuse
ok - MSYS /proc process identity regression skipped on non-Windows host
ok - killed watcher stale lock is reclaimed
tests/fm-watcher-lock.test.sh: line 1188: 2484928 Killed                  FM_STATE_OVERRIDE="$state" bash -c '
    . "$1"
    fm_lock_remove_path() {
      if [ "$1" = "$STATE/.watch.lock" ]; then
        kill -KILL "${BASHPID:-$$}"
      fi
      return 1
    }
    fm_lock_try_acquire "$2"
  ' _ "$LIB" "$lockdir" > /dev/null 2>&1
ok - stale watcher reclaim publishes durable recovery evidence before clear
ok - live watcher lock with stale heartbeat is actionable
ok - live watcher lock with a beacon past the hard bound is replaced, under it is still refused
ok - guard banner leads when down with pending wakes (repair-after-drain) and stays silent when live and fresh
ok - concurrent fm_lock_try_acquire yields exactly one winner
ok - dead-pid stale lock is reclaimed by a single acquirer
ok - concurrent stale-lock steal yields exactly one winner
ok - live steal mutex is not reclaimed
ok - live-held lock is not stolen
ok - empty mid-acquire lock keeps a minimum grace
ok - late original claimant cannot claim a recreated lock
ok - paused mid-acquire claimant backs off to active stealer
ok - watch restart preserves recovery without signaling a reused pid
ok - watch restart attaches to a verified healthy peer and later surfaces a successor gap
ok - watcher self-evicts when the lock pid no longer names it
ok - arm turns clean self-eviction without a successor into a typed failure
ok - arm attaches to a live fresh watcher and fails loudly when that cycle has no successor
ok - attached arm signals record a classified lifecycle entry
ok - arm starts cleanly and resurfaces recovery after a dead-pid lock
ok - arm cleans child watcher and temp output on HUP
WAKE_ACK_REQUIRED: after handling completes run bin/fm-wake-drain.sh --ack-through 1 --recovery-generation 2554063.1790400534.jtvUKO
WARNING: queued wakes pending - drain them with bin/fm-wake-drain.sh before anything else.
ok - arm propagates an immediate watcher wake before confirmation
ok - arm attaches to a peer watcher after child stands down and surfaces a missing successor
ok - arm reports FAILED and exits non-zero when no fresh watcher can be confirmed
ok - cycle-exit ledger links a verified successor and remains size-capped
ok - SIGSTOP distinguishes live PID from stale beacon and termination records the exit class
FM_TEST_END 2026-09-26T05:29:29Z tests/fm-watcher-lock.test.sh exit=0 duration_ms=81470 gate_skip=false
ok - watch-arm: an attached arm reports the wake its cycle delivered instead of a false failure
ok - watch-arm: a delivered wake consumed by the handling turn still closes the attached arm cleanly
ok - watch-arm: a follow-budget arm returns at its deadline leaving the attached watcher running for the next arm
ok - watch-arm: a follow-budget arm returns at its deadline leaving the watcher it started running for the next arm
ok - watch-arm: an unusable launch confirm window refuses to arm by name
ok - watch-arm: a disposable validation checkout refuses to arm
ok - watch-arm: a watcher exits within one poll when its state directory is removed
ok - watch-arm: a watcher exits within one poll when its home is removed
ok - watch-arm: the test reaper stops a watcher armed for a tracked temporary home
ok - watch-arm: a plain nonzero watcher exit is not relabelled as a teardown
ok - watch-arm: a cycle that delivered no wake of its own still fails loudly
/home/andre/.no-mistakes/worktrees/feb37d45d9da/01M3DW4ZEMXF1MG12TJQFW4D45/bin/fm-watch-arm.sh: line 619: 2545657 Killed                  "$WATCH" > "$child_out" 2>> "${child_err:-/dev/null}" < /dev/null
WAKE_ACK_REQUIRED: after handling completes run bin/fm-wake-drain.sh --ack-through 2 --recovery-generation 2548440.1790400532.dttFzi
ok - watch-arm: re-arm surfaces every queued wake and an open remote decision after downtime
/home/andre/.no-mistakes/worktrees/feb37d45d9da/01M3DW4ZEMXF1MG12TJQFW4D45/bin/fm-watch-arm.sh: line 619: 2573597 Killed                  "$WATCH" > "$child_out" 2>> "${child_err:-/dev/null}" < /dev/null
WAKE_ACK_REQUIRED: after handling completes run bin/fm-wake-drain.sh --ack-through 1 --recovery-generation 2575726.1790400547.G1VKq1
ok - watch-arm: a re-arm whose recovery cycle runs slowly still surfaces it
ok - watch-arm: marker publication failure retains stale-lock recovery evidence
WAKE_ACK_REQUIRED: after handling completes run bin/fm-wake-drain.sh --ack-through 2 --recovery-generation 2609309.1790400568.tj79F3
WAKE_ACK_REQUIRED: after handling completes run bin/fm-wake-drain.sh --ack-through 3 --recovery-generation 2616417.1790400572.vCZXMV
ok - watch-arm: a wake queued after handling drain is recovered once at successor arm
ok - watch-arm: interrupted handling leaves its wake durable for successor re-drain
WAKE_ACK_REQUIRED: after handling completes run bin/fm-wake-drain.sh --ack-through 0 --recovery-generation 2645338.1790400589.XcBYyf
ok - watch-arm: malformed recovery state is quarantined without a successor loop
WAKE_ACK_REQUIRED: after handling completes run bin/fm-wake-drain.sh --ack-through 1 --recovery-generation 2652894.1790400593.53MU1i
ok - watch-arm: publication after recovery handoff is surfaced
ok - watch-arm: restart publishes recovery before clearing a reused-pid watcher lock
WAKE_ACK_REQUIRED: after handling completes run bin/fm-wake-drain.sh --ack-through 7 --recovery-generation 2661602.1790400598.cu694k
ok - watch-arm: markerless legacy queues are adopted and recovered
ok - watch-arm: a watcher close during handling keeps the printed acknowledgement valid
ok - watch-arm: a moved recovery generation consumes handled rows and names its remedy
ok - watch-arm: downtime marker publication does not follow symlinks
ok - watch-arm: --stop ends only this home's watcher, publishes downtime, and reports when none runs
FM_TEST_END 2026-09-26T05:30:26Z tests/fm-watch-arm.test.sh exit=0 duration_ms=137919 gate_skip=false
FM_TEST_BEGIN 2026-09-26T05:30:26Z tests/fm-task-delivery.test.sh family=pure-contract-unit expected_gate_skip=none
ok - fm-spawn/fm-promote: authorized intent preserves exact words and refuses operator-address lines
ok - fm-spawn: every legacy worker receives scoped role instructions without changing project or primary instructions
ok - fm-spawn: a ship spawn requires a valid explicit mode and yolo before anything is created
ok - fm-spawn: scout and secondmate spawns refuse ship delivery flags
ok - fm-spawn: the brief's recorded mode and the spawn's explicit mode must agree
ok - fm-spawn: a rigor downgrade against the registered posture is announced, never blocked
ok - fm-spawn: a scout spawn resolves no delivery posture from the registry
ok - fm-promote: promotion requires the delivery contract, records it exactly once, and preserves trace identity verbatim
ok - fm-promote: a symlinked task record is refused and its target is left untouched
ok - fm-promote: a promoted worker receives the same mode-specific delivery contract a briefed one does
●━━━━━━━━━━━━━━━━━━━━━━━━━━━━━━━━━━━━━━━━━━━━━━━━━━━━━━━━━━━━━━━━━━━━━━━
●  WATCHER DOWN - SUPERVISION IS OFF
●  1 task(s) in flight, but no watcher has a fresh beacon (last beat: never, grace 300s).
●  Trust the emitted supervision protocol for this harness; do not use shell & for watcher repair.
●  This is a supervision warning only; the guarded operation WILL still run.
●  watcher supervision needs Stop-owned automatic recovery; inspect the hook registration and startup status before ending the turn.
●━━━━━━━━━━━━━━━━━━━━━━━━━━━━━━━━━━━━━━━━━━━━━━━━━━━━━━━━━━━━━━━━━━━━━━━
ok - fm-promote: a selected branch prefix reaches both worker instructions and durable task state
Switched to a new branch '$(touch${IFS}/tmp/fm-test-run.F7M4aw/w3/tmp/fm-task-delivery.iYHddM/promote-branch-shell-safe-marker)/promote-branch-safe-e3'
ok - fm-promote: ref-format-valid shell metacharacters stay literal in promotion branch commands
●━━━━━━━━━━━━━━━━━━━━━━━━━━━━━━━━━━━━━━━━━━━━━━━━━━━━━━━━━━━━━━━━━━━━━━━
●  WATCHER DOWN - SUPERVISION IS OFF
●  1 task(s) in flight, but no watcher has a fresh beacon (last beat: never, grace 300s).
●  Trust the emitted supervision protocol for this harness; do not use shell & for watcher repair.
●  This is a supervision warning only; the guarded operation WILL still run.
●  watcher supervision needs Stop-owned automatic recovery; inspect the hook registration and startup status before ending the turn.
●━━━━━━━━━━━━━━━━━━━━━━━━━━━━━━━━━━━━━━━━━━━━━━━━━━━━━━━━━━━━━━━━━━━━━━━
ok - fm-merge-local: a registry change cannot redirect an in-flight local-only task
ok - fm-project-mode: the registry lookup matches a whole multi-word name, not just its first token
ok - fm-project-mode: the conditional policy is accepted, mapped for mechanical callers, and readable raw
ok - fm-project-mode: the forge binds from its own token and is reported only through --forge
ok - fm-project-mode: only a malformed forge binding refuses; every other token keeps its old tolerance
ok - forge=gerrit: yolo is refused with its reason, never silently dropped
ok - forge=gerrit: no-mistakes runs with its forge steps skipped, recovers its fixes, then publishes one change
ok - forge=gerrit: direct-PR publishes one squashed change and a stack is refused with its reason
ok - fm-spawn: a registered forge must reach the worker's brief
ok - fm-spawn: the brief must carry the spawn's selected ship branch, and the selection is validated before anything is created
ok - fm-spawn: a ship branch that deviates from the registered prefix is announced, never blocked
ok - fm-spawn: a registry forge token the parser refuses stops the launch, reason included
ok - fm-promote: a promoted worker receives the project's registered forge contract with no flag to remember
ok - fm-spawn/fm-promote: leftover Task placeholders are refused until both subsections are filled
ok - fm-project-mode: --branch-prefix resolves order-independently and defaults to the legacy fm/ prefix
# all fm-task-delivery tests passed
FM_TEST_END 2026-09-26T05:31:42Z tests/fm-task-delivery.test.sh exit=0 duration_ms=76256 gate_skip=false
FM_TEST_SUMMARY total=3 failed=0 skipped_gate=0 duration_ms=214611
FM_TEST_SUMMARY_FAMILY family=pure-contract-unit count=1 duration_ms=76256 failed=0
FM_TEST_SUMMARY_FAMILY family=watcher-wake-lock count=2 duration_ms=219389 failed=0
FM_TEST_SLOWEST rank=1 script=tests/fm-watch-arm.test.sh duration_ms=137919
FM_TEST_SLOWEST rank=2 script=tests/fm-watcher-lock.test.sh duration_ms=81470
FM_TEST_SLOWEST rank=3 script=tests/fm-task-delivery.test.sh duration_ms=76256
